#macro STORE_RESULT_A 0
    STX tmp
    PHA
    LDX result_idx
    STA $3000,X
    INX
    STX result_idx
    PLA
    LDX tmp
#endmacro
#macro STORE_STATUS 0
    PHA
    PHP
    PLA
    STX tmp
    LDX result_idx
    STA $3000,X
    INX
    STX result_idx
    LDX tmp
    PLA
#endmacro

.org $8000

main:
; Test AND Immediate
    LDA #$AA
    AND #$A0
    STORE_STATUS
    STORE_RESULT_A ; $A0
; Test AND Immediate
    LDA #$FF
    AND #$01
    STORE_STATUS
    STORE_RESULT_A ; $01
; Test AND Immediate
    LDA #$00
    AND #$55
    STORE_STATUS
    STORE_RESULT_A ; $00
; Test AND Absolute
    LDA #$55
    STA $2000
    LDA #$AA
    AND $2000
    STORE_RESULT_A ; $00
; Test AND Absolute (and ROR Accumulator!)
    LDA #$AA
    ROR     ; #55
    AND $2000
    STORE_RESULT_A ; $55
; Test AND Absolute,X
    LDA #$55
    STA $2002
    LDX #$02
    AND $2000,X
    STORE_RESULT_A ; $55
; Test AND Absolute,Y
    LDA #$55
    STA $2002
    LDY #$02
    AND $2000,Y
    STORE_RESULT_A ; $55
; Test AND Zero Page
    LDA #$55
    STA $02
    AND $02
    STORE_RESULT_A ; $55
; Test AND Zero Page,X
    LDA #$55
    STA $02
    LDX #$02
    LDA #$55
    AND $00,X
    STORE_RESULT_A ; $55
; Test AND Indirect,X
    LDA #$55
    STA $30
    LDA #$30
    STA $23
    LDA #$00
    STA $24
    LDX #$03
    LDA #$55
    AND ($20),X
    STORE_RESULT_A ; $55
; Test AND Indirect,Y
    LDA #$20
    STA $02
    LDA #$00
    STA $03
    LDA #$55
    STA $22
    LDA #$55
    LDY #$02
    AND ($02),Y
    STORE_RESULT_A ; $55

check_memory:
    LDX #$00
check_memory_loop:
    LDA $3000,X
    CMP expected_result,X
    BNE print_fail
    INX
    CPX #14                     ; Length of expected_results
    BNE check_memory_loop
    LDX #$00 ; Reset X register
print_msg:
    LDA success_str,X
    BEQ success
    STA $2008
    INX
    JMP print_msg
success:
    LDA #10 ; Newline
    STA $2008 ; Print new line
    LDA #0
    STA $200F
print_fail:
    LDX #$00 ; Reset X register
print_msg2:
    LDA fail_str,X
    BEQ fail
    STA $2008
    INX
    JMP print_msg2
fail:
    LDA #10 ; Newline
    STA $2008 ; Print new line
    LDA #1
    STA $200F
success_str:
.db "AND test passed!", 0
fail_str:
.db "AND test failed!", 0
expected_result:
.db $B4, $A0, $34, $01, $36, $00, $00, $55
.db $55, $55, $55, $55, $55, $55
result_idx:
.db 0
tmp:
.db 0

.org $FFFC
.dw main ; Reset vector
