#macro STORE_RESULT 0
    STX tmp
    PHA
    LDX result_idx
    STA $3000,X
    INX
    STX result_idx
    PLA
    LDX tmp
#endmacro
#macro STORE_STATUS 0
    PHA
    PHP
    PLA
    STX tmp
    LDX result_idx
    STA $3000,X
    INX
    STX result_idx
    LDX tmp
    PLA
#endmacro

.org $8000

; Flags: N V U B D I Z C

; Test EOR Immediate
main:
    LDA #$00
    EOR #$00
    STORE_STATUS
    STORE_RESULT

; Test EOR Zeropage
    LDA #$F3
    STA $20
    LDA #$0C
    EOR $20
    STORE_STATUS
    STORE_RESULT

; Test EOR ZeropageX
    LDA #$00
    LDX #$02
    STA $22
    LDA #$00
    EOR $20,X
    STORE_STATUS
    STORE_RESULT

; Test EOR Absolute
    LDA #$F3
    STA $2000
    LDA #$7C
    EOR $2000
    STORE_STATUS
    STORE_RESULT

; Test EOR AbsoluteX
    LDA #$00
    STA $2002
    LDA #$00
    LDX #$02
    EOR $2000,X
    STORE_STATUS
    STORE_RESULT

; Test EOR AbsoluteY
    LDA #$83
    STA $2002
    LDA #$7C
    LDY #$02
    EOR $2000,Y
    STORE_STATUS
    STORE_RESULT

; Test EOR IndirectX
    LDA #$00
    STA $30
    LDA #$30
    STA $23
    LDA #$00
    STA $24
    LDX #$03
    LDA #$0C
    EOR ($20),X
    STORE_STATUS
    STORE_RESULT

; Test EOR IndirectY
    LDA #$20
    STA $02
    LDA #$00
    STA $03
    LDA #$03
    STA $22
    LDA #$0C
    LDY #$02
    EOR ($02),Y
    STORE_STATUS
    STORE_RESULT
check_memory:
    LDX #$00
check_memory_loop:
    LDA $3000,X
    CMP expected_result,X
    BNE print_fail
    INX
    CPX #16                     ; Length of expected_results
    BNE check_memory_loop
    LDX #$00 ; Reset X register
print_msg:
    LDA success_str,X
    BEQ success
    STA $2008
    INX
    JMP print_msg
success:
    LDA #10 ; Newline
    STA $2008 ; Print new line
    LDA #0
    STA $200F
print_fail:
    LDX #$00 ; Reset X register
print_msg2:
    LDA fail_str,X
    BEQ fail
    STA $2008
    INX
    JMP print_msg2
fail:
    LDA #10 ; Newline
    STA $2008 ; Print new line
    LDA #1
    STA $200F
success_str:
.db "EOR tests passed!", 0
fail_str:
.db "EOR tests failed!", 0
expected_result:
.db $36, $00, $B4, $FF, $36, $00, $B4, $8F
.db $36, $00, $B4, $FF, $34, $0C, $34, $0F
result_idx:
.db 0
tmp:
.db 0

.org $FFFC
.dw main ; Reset vector
