#macro STORE_RESULT_A 0
    STX tmp
    PHA
    LDX result_idx
    STA $3000,X
    INX
    STX result_idx
    PLA
    LDX tmp
#endmacro
#macro STORE_STATUS 0
    PHA
    PHP
    PLA
    STX tmp
    LDX result_idx
    STA $3000,X
    INX
    STX result_idx
    LDX tmp
    PLA
#endmacro

.org $8000

main:
; Test ORA Immediate
    LDA #$0A    ; Load A with #0A
    ORA #$F0    ; ORA immediate 0xA0
    STORE_STATUS
    STORE_RESULT_A   ; $AA
    LDA #$00    ; Load A with #0A
    ORA #$00    ; ORA immediate 0xA0
    STORE_STATUS
    STORE_RESULT_A   ; $AA
; Test ORA Absolute
    LDA #$0A    ; Load A with #0A
    LDX #$80    ; load x with #A0
    STX $1234
    ORA $1234   ; ORA with 0xA0
    STORE_STATUS
    STORE_RESULT_A   ; $AA
    LDA #$00    ; Load A with #0A
    LDX #$00    ; load x with #A0
    STX $1234
    ORA $1234   ; ORA with 0xA0
    STORE_STATUS
    STORE_RESULT_A   ; $AA

check_memory:
    LDX #$00
check_memory_loop:
    LDA $3000,X
    CMP expected_result,X
    BNE print_fail
    INX
    CPX #2                     ; Length of expected_results
    BNE check_memory_loop
    LDX #$00 ; Reset X register
print_msg:
    LDA success_str,X
    BEQ success
    STA $2008
    INX
    JMP print_msg
success:
    LDA #10 ; Newline
    STA $2008 ; Print new line
    LDA #0
    STA $200F
print_fail:
    LDX #$00 ; Reset X register
print_msg2:
    LDA fail_str,X
    BEQ fail
    STA $2008
    INX
    JMP print_msg2
fail:
    LDA #10 ; Newline
    STA $2008 ; Print new line
    LDA #1
    STA $200F
success_str:
.db "ORA test passed!", 0
fail_str:
.db "ORA test failed!", 0
expected_result:
.db $B4, $FA, $36, $00, $B4, $8A, $36, $00
result_idx:
.db 0
tmp:
.db 0

.org $FFFC
.dw main ; Reset vector
